// 重构日志: c463204d
// 重构日志: 36daff8f
// 重构日志: aa1b5fb6
// 同步 ID: faaa51fa @ Thu Jul 23 18:33:08 UTC 2026
// 重构日志: ab449e50
// 重构日志: 5142c839
// 重构日志: 7c8403df
// 重构日志: 911d8a8b
// 重构日志: 445925bc
// 重构日志: 2b8612c0
// 重构日志: fad2e6b9
// 同步 ID: a3efd091 @ Mon Jul 27 00:39:18 UTC 2026
// 重构日志: afd99e76
// 同步 ID: 3157ee10 @ Mon Jul 27 18:07:22 UTC 2026
// 同步 ID: 453512c9 @ Tue Jul 28 07:34:14 UTC 2026
// 同步 ID: 0e98bb50 @ Wed Jul 29 07:17:00 UTC 2026
// 同步 ID: 8d7bcf8c @ Wed Jul 29 10:27:52 UTC 2026
// 重构日志: 1218d78b
// 重构日志: 70c836d5
// 重构日志: f0f3edcb
// 重构日志: d5d70d10
// 同步 ID: 6067e756 @ Sat Aug  1 13:47:39 UTC 2026
// 重构日志: 348ee4ed
// 同步 ID: f2605493 @ Sun Aug  2 04:19:00 UTC 2026
// 重构日志: b0d60d92
// 重构日志: a0f5c42e
// 同步 ID: e13b99c7 @ Mon Aug  3 15:13:31 UTC 2026
// 重构日志: 55a8d5df
// 重构日志: b54b4246
// 同步 ID: 2eefc66e @ Thu Aug  6 07:37:13 UTC 2026
// 重构日志: 1e0ee5f6
// 重构日志: 67615af5
